Sa     b
aA     b
a A    b
a  A   b
a   A  b
a    A b
a     Ab
a     Ff
