Sahojda
Aahojda
Azhojda
zBhojda
zBdojda
zdCojda
zdCajda
zdaDjda
zdaDrda
zdarEda
zdarEea
zdareGa
zdareGc
zdarecF 
